* SnowSQL * v1.4.5
Type SQL statements or !help
+---------------+------------------+-------------+-------------+--------------------+--------------------+----------+---------+
| source        | target           | source_size | target_size | source_compression | target_compression | status   | message |
|---------------+------------------+-------------+-------------+--------------------+--------------------+----------+---------|
| careplans.csv | careplans.csv.gz |     5525810 |     1667680 | NONE               | GZIP               | UPLOADED |         |
+---------------+------------------+-------------+-------------+--------------------+--------------------+----------+---------+
1 Row(s) produced. Time Elapsed: 1.495s
+------------+---------------+-------------+-------------+--------------------+--------------------+----------+---------+
| source     | target        | source_size | target_size | source_compression | target_compression | status   | message |
|------------+---------------+-------------+-------------+--------------------+--------------------+----------+---------|
| claims.csv | claims.csv.gz |   232038392 |    33100688 | NONE               | GZIP               | UPLOADED |         |
+------------+---------------+-------------+-------------+--------------------+--------------------+----------+---------+
1 Row(s) produced. Time Elapsed: 15.801s
+-------------------------+----------------------------+-------------+-------------+--------------------+--------------------+----------+---------+
| source                  | target                     | source_size | target_size | source_compression | target_compression | status   | message |
|-------------------------+----------------------------+-------------+-------------+--------------------+--------------------+----------+---------|
| claims_transactions.csv | claims_transactions.csv.gz |  1720011714 |   188235808 | NONE               | GZIP               | UPLOADED |         |
+-------------------------+----------------------------+-------------+-------------+--------------------+--------------------+----------+---------+
1 Row(s) produced. Time Elapsed: 67.992s
+----------------+-------------------+-------------+-------------+--------------------+--------------------+----------+---------+
| source         | target            | source_size | target_size | source_compression | target_compression | status   | message |
|----------------+-------------------+-------------+-------------+--------------------+--------------------+----------+---------|
| conditions.csv | conditions.csv.gz |    31061409 |     6320144 | NONE               | GZIP               | UPLOADED |         |
+----------------+-------------------+-------------+-------------+--------------------+--------------------+----------+---------+
1 Row(s) produced. Time Elapsed: 3.018s
+-------------+----------------+-------------+-------------+--------------------+--------------------+----------+---------+
| source      | target         | source_size | target_size | source_compression | target_compression | status   | message |
|-------------+----------------+-------------+-------------+--------------------+--------------------+----------+---------|
| devices.csv | devices.csv.gz |      274728 |       75040 | NONE               | GZIP               | UPLOADED |         |
+-------------+----------------+-------------+-------------+--------------------+--------------------+----------+---------+
1 Row(s) produced. Time Elapsed: 0.556s
+----------------+-------------------+-------------+-------------+--------------------+--------------------+----------+---------+
| source         | target            | source_size | target_size | source_compression | target_compression | status   | message |
|----------------+-------------------+-------------+-------------+--------------------+--------------------+----------+---------|
| encounters.csv | encounters.csv.gz |   103571114 |    15299840 | NONE               | GZIP               | UPLOADED |         |
+----------------+-------------------+-------------+-------------+--------------------+--------------------+----------+---------+
1 Row(s) produced. Time Elapsed: 6.201s
+---------------------+------------------------+-------------+-------------+--------------------+--------------------+----------+---------+
| source              | target                 | source_size | target_size | source_compression | target_compression | status   | message |
|---------------------+------------------------+-------------+-------------+--------------------+--------------------+----------+---------|
| imaging_studies.csv | imaging_studies.csv.gz |   257662347 |     7285536 | NONE               | GZIP               | UPLOADED |         |
+---------------------+------------------------+-------------+-------------+--------------------+--------------------+----------+---------+
1 Row(s) produced. Time Elapsed: 8.768s
+-------------------+----------------------+-------------+-------------+--------------------+--------------------+----------+---------+
| source            | target               | source_size | target_size | source_compression | target_compression | status   | message |
|-------------------+----------------------+-------------+-------------+--------------------+--------------------+----------+---------|
| immunizations.csv | immunizations.csv.gz |    11489775 |     1924352 | NONE               | GZIP               | UPLOADED |         |
+-------------------+----------------------+-------------+-------------+--------------------+--------------------+----------+---------+
1 Row(s) produced. Time Elapsed: 1.357s
+-----------------+--------------------+-------------+-------------+--------------------+--------------------+----------+---------+
| source          | target             | source_size | target_size | source_compression | target_compression | status   | message |
|-----------------+--------------------+-------------+-------------+--------------------+--------------------+----------+---------|
| medications.csv | medications.csv.gz |    75429172 |     8906768 | NONE               | GZIP               | UPLOADED |         |
+-----------------+--------------------+-------------+-------------+--------------------+--------------------+----------+---------+
1 Row(s) produced. Time Elapsed: 4.578s
+------------------+---------------------+-------------+-------------+--------------------+--------------------+----------+---------+
| source           | target              | source_size | target_size | source_compression | target_compression | status   | message |
|------------------+---------------------+-------------+-------------+--------------------+--------------------+----------+---------|
| observations.csv | observations.csv.gz |   589551968 |    35622720 | NONE               | GZIP               | UPLOADED |         |
+------------------+---------------------+-------------+-------------+--------------------+--------------------+----------+---------+
1 Row(s) produced. Time Elapsed: 24.156s
+-------------------+----------------------+-------------+-------------+--------------------+--------------------+----------+---------+
| source            | target               | source_size | target_size | source_compression | target_compression | status   | message |
|-------------------+----------------------+-------------+-------------+--------------------+--------------------+----------+---------|
| organizations.csv | organizations.csv.gz |      506928 |      200640 | NONE               | GZIP               | UPLOADED |         |
+-------------------+----------------------+-------------+-------------+--------------------+--------------------+----------+---------+
1 Row(s) produced. Time Elapsed: 0.595s
+--------------+-----------------+-------------+-------------+--------------------+--------------------+----------+---------+
| source       | target          | source_size | target_size | source_compression | target_compression | status   | message |
|--------------+-----------------+-------------+-------------+--------------------+--------------------+----------+---------|
| patients.csv | patients.csv.gz |     1759214 |      711760 | NONE               | GZIP               | UPLOADED |         |
+--------------+-----------------+-------------+-------------+--------------------+--------------------+----------+---------+
1 Row(s) produced. Time Elapsed: 0.843s
+-----------------------+--------------------------+-------------+-------------+--------------------+--------------------+----------+---------+
| source                | target                   | source_size | target_size | source_compression | target_compression | status   | message |
|-----------------------+--------------------------+-------------+-------------+--------------------+--------------------+----------+---------|
| payer_transitions.csv | payer_transitions.csv.gz |    48985286 |     7614720 | NONE               | GZIP               | UPLOADED |         |
+-----------------------+--------------------------+-------------+-------------+--------------------+--------------------+----------+---------+
1 Row(s) produced. Time Elapsed: 4.607s
+------------+---------------+-------------+-------------+--------------------+--------------------+----------+---------+
| source     | target        | source_size | target_size | source_compression | target_compression | status   | message |
|------------+---------------+-------------+-------------+--------------------+--------------------+----------+---------|
| payers.csv | payers.csv.gz |        2263 |        1376 | NONE               | GZIP               | UPLOADED |         |
+------------+---------------+-------------+-------------+--------------------+--------------------+----------+---------+
1 Row(s) produced. Time Elapsed: 0.561s
+----------------+-------------------+-------------+-------------+--------------------+--------------------+----------+---------+
| source         | target            | source_size | target_size | source_compression | target_compression | status   | message |
|----------------+-------------------+-------------+-------------+--------------------+--------------------+----------+---------|
| procedures.csv | procedures.csv.gz |    88642813 |    11307712 | NONE               | GZIP               | UPLOADED |         |
+----------------+-------------------+-------------+-------------+--------------------+--------------------+----------+---------+
1 Row(s) produced. Time Elapsed: 6.231s
+---------------+------------------+-------------+-------------+--------------------+--------------------+----------+---------+
| source        | target           | source_size | target_size | source_compression | target_compression | status   | message |
|---------------+------------------+-------------+-------------+--------------------+--------------------+----------+---------|
| providers.csv | providers.csv.gz |     4178333 |     1057872 | NONE               | GZIP               | UPLOADED |         |
+---------------+------------------+-------------+-------------+--------------------+--------------------+----------+---------+
1 Row(s) produced. Time Elapsed: 1.078s
+--------------+-----------------+-------------+-------------+--------------------+--------------------+----------+---------+
| source       | target          | source_size | target_size | source_compression | target_compression | status   | message |
|--------------+-----------------+-------------+-------------+--------------------+--------------------+----------+---------|
| supplies.csv | supplies.csv.gz |     9750241 |      293840 | NONE               | GZIP               | UPLOADED |         |
+--------------+-----------------+-------------+-------------+--------------------+--------------------+----------+---------+
1 Row(s) produced. Time Elapsed: 1.247s
Goodbye!

STDERR:
001003 (42000): SQL compilation error:
syntax error line 1 at position 0 unexpected 'snowsql'.
