* SnowSQL * v1.4.5
Type SQL statements or !help
+----------------------------------+
| status                           |
|----------------------------------|
| Statement executed successfully. |
+----------------------------------+
1 Row(s) produced. Time Elapsed: 0.131s
+----------------------------------+
| status                           |
|----------------------------------|
| Statement executed successfully. |
+----------------------------------+
1 Row(s) produced. Time Elapsed: 0.094s
+----------------------------------+
| status                           |
|----------------------------------|
| Statement executed successfully. |
+----------------------------------+
1 Row(s) produced. Time Elapsed: 0.133s
+----------------------------------+
| status                           |
|----------------------------------|
| Statement executed successfully. |
+----------------------------------+
1 Row(s) produced. Time Elapsed: 0.119s
+---------------------------------------+
| status                                |
|---------------------------------------|
| Copy executed with 0 files processed. |
+---------------------------------------+
1 Row(s) produced. Time Elapsed: 1.085s
+----------------------------------+--------+-------------+-------------+-------------+-------------+-------------+------------------+-----------------------+-------------------------+
| file                             | status | rows_parsed | rows_loaded | error_limit | errors_seen | first_error | first_error_line | first_error_character | first_error_column_name |
|----------------------------------+--------+-------------+-------------+-------------+-------------+-------------+------------------+-----------------------+-------------------------|
| stage_careplans/careplans.csv.gz | LOADED |       27879 |       27879 |       27879 |           0 | NULL        |             NULL |                  NULL | NULL                    |
+----------------------------------+--------+-------------+-------------+-------------+-------------+-------------+------------------+-----------------------+-------------------------+
1 Row(s) produced. Time Elapsed: 0.946s
+----------------------------+--------+-------------+-------------+-------------+-------------+-------------+------------------+-----------------------+-------------------------+
| file                       | status | rows_parsed | rows_loaded | error_limit | errors_seen | first_error | first_error_line | first_error_character | first_error_column_name |
|----------------------------+--------+-------------+-------------+-------------+-------------+-------------+------------------+-----------------------+-------------------------|
| stage_claims/claims.csv.gz | LOADED |      643848 |      643848 |      643848 |           0 | NULL        |             NULL |                  NULL | NULL                    |
+----------------------------+--------+-------------+-------------+-------------+-------------+-------------+------------------+-----------------------+-------------------------+
1 Row(s) produced. Time Elapsed: 9.638s
+------------------------------------------------------+--------+-------------+-------------+-------------+-------------+-------------+------------------+-----------------------+-------------------------+
| file                                                 | status | rows_parsed | rows_loaded | error_limit | errors_seen | first_error | first_error_line | first_error_character | first_error_column_name |
|------------------------------------------------------+--------+-------------+-------------+-------------+-------------+-------------+------------------+-----------------------+-------------------------|
| stage_claims_transactions/claims_transactions.csv.gz | LOADED |     3938043 |     3938043 |     3938043 |           0 | NULL        |             NULL |                  NULL | NULL                    |
+------------------------------------------------------+--------+-------------+-------------+-------------+-------------+-------------+------------------+-----------------------+-------------------------+
1 Row(s) produced. Time Elapsed: 30.715s
+------------------------------------+--------+-------------+-------------+-------------+-------------+-------------+------------------+-----------------------+-------------------------+
| file                               | status | rows_parsed | rows_loaded | error_limit | errors_seen | first_error | first_error_line | first_error_character | first_error_column_name |
|------------------------------------+--------+-------------+-------------+-------------+-------------+-------------+------------------+-----------------------+-------------------------|
| stage_conditions/conditions.csv.gz | LOADED |      236541 |      236541 |      236541 |           0 | NULL        |             NULL |                  NULL | NULL                    |
+------------------------------------+--------+-------------+-------------+-------------+-------------+-------------+------------------+-----------------------+-------------------------+
1 Row(s) produced. Time Elapsed: 2.290s
+------------------------------+--------+-------------+-------------+-------------+-------------+-------------+------------------+-----------------------+-------------------------+
| file                         | status | rows_parsed | rows_loaded | error_limit | errors_seen | first_error | first_error_line | first_error_character | first_error_column_name |
|------------------------------+--------+-------------+-------------+-------------+-------------+-------------+------------------+-----------------------+-------------------------|
| stage_devices/devices.csv.gz | LOADED |        1175 |        1175 |        1175 |           0 | NULL        |             NULL |                  NULL | NULL                    |
+------------------------------+--------+-------------+-------------+-------------+-------------+-------------+------------------+-----------------------+-------------------------+
1 Row(s) produced. Time Elapsed: 0.821s
+------------------------------------+--------+-------------+-------------+-------------+-------------+-------------+------------------+-----------------------+-------------------------+
| file                               | status | rows_parsed | rows_loaded | error_limit | errors_seen | first_error | first_error_line | first_error_character | first_error_column_name |
|------------------------------------+--------+-------------+-------------+-------------+-------------+-------------+------------------+-----------------------+-------------------------|
| stage_encounters/encounters.csv.gz | LOADED |      333779 |      333779 |      333779 |           0 | NULL        |             NULL |                  NULL | NULL                    |
+------------------------------------+--------+-------------+-------------+-------------+-------------+-------------+------------------+-----------------------+-------------------------+
1 Row(s) produced. Time Elapsed: 4.611s
+----------------------------------------------+--------+-------------+-------------+-------------+-------------+-------------+------------------+-----------------------+-------------------------+
| file                                         | status | rows_parsed | rows_loaded | error_limit | errors_seen | first_error | first_error_line | first_error_character | first_error_column_name |
|----------------------------------------------+--------+-------------+-------------+-------------+-------------+-------------+------------------+-----------------------+-------------------------|
| stage_imaging_studies/imaging_studies.csv.gz | LOADED |      826752 |      826752 |      826752 |           0 | NULL        |             NULL |                  NULL | NULL                    |
+----------------------------------------------+--------+-------------+-------------+-------------+-------------+-------------+------------------+-----------------------+-------------------------+
1 Row(s) produced. Time Elapsed: 6.790s
+------------------------------------------+--------+-------------+-------------+-------------+-------------+-------------+------------------+-----------------------+-------------------------+
| file                                     | status | rows_parsed | rows_loaded | error_limit | errors_seen | first_error | first_error_line | first_error_character | first_error_column_name |
|------------------------------------------+--------+-------------+-------------+-------------+-------------+-------------+------------------+-----------------------+-------------------------|
| stage_immunizations/immunizations.csv.gz | LOADED |       79568 |       79568 |       79568 |           0 | NULL        |             NULL |                  NULL | NULL                    |
+------------------------------------------+--------+-------------+-------------+-------------+-------------+-------------+------------------+-----------------------+-------------------------+
1 Row(s) produced. Time Elapsed: 1.195s
+--------------------------------------+--------+-------------+-------------+-------------+-------------+-------------+------------------+-----------------------+-------------------------+
| file                                 | status | rows_parsed | rows_loaded | error_limit | errors_seen | first_error | first_error_line | first_error_character | first_error_column_name |
|--------------------------------------+--------+-------------+-------------+-------------+-------------+-------------+------------------+-----------------------+-------------------------|
| stage_medications/medications.csv.gz | LOADED |      310069 |      310069 |      310069 |           0 | NULL        |             NULL |                  NULL | NULL                    |
+--------------------------------------+--------+-------------+-------------+-------------+-------------+-------------+------------------+-----------------------+-------------------------+
1 Row(s) produced. Time Elapsed: 3.896s
+----------------------------------------+--------+-------------+-------------+-------------+-------------+-------------+------------------+-----------------------+-------------------------+
| file                                   | status | rows_parsed | rows_loaded | error_limit | errors_seen | first_error | first_error_line | first_error_character | first_error_column_name |
|----------------------------------------+--------+-------------+-------------+-------------+-------------+-------------+------------------+-----------------------+-------------------------|
| stage_observations/observations.csv.gz | LOADED |     3369664 |     3369664 |     3369664 |           0 | NULL        |             NULL |                  NULL | NULL                    |
+----------------------------------------+--------+-------------+-------------+-------------+-------------+-------------+------------------+-----------------------+-------------------------+
1 Row(s) produced. Time Elapsed: 10.508s
+------------------------------------------+--------+-------------+-------------+-------------+-------------+-------------+------------------+-----------------------+-------------------------+
| file                                     | status | rows_parsed | rows_loaded | error_limit | errors_seen | first_error | first_error_line | first_error_character | first_error_column_name |
|------------------------------------------+--------+-------------+-------------+-------------+-------------+-------------+------------------+-----------------------+-------------------------|
| stage_organizations/organizations.csv.gz | LOADED |        3698 |        3698 |        3698 |           0 | NULL        |             NULL |                  NULL | NULL                    |
+------------------------------------------+--------+-------------+-------------+-------------+-------------+-------------+------------------+-----------------------+-------------------------+
1 Row(s) produced. Time Elapsed: 0.899s
+--------------------------------+--------+-------------+-------------+-------------+-------------+-------------+------------------+-----------------------+-------------------------+
| file                           | status | rows_parsed | rows_loaded | error_limit | errors_seen | first_error | first_error_line | first_error_character | first_error_column_name |
|--------------------------------+--------+-------------+-------------+-------------+-------------+-------------+------------------+-----------------------+-------------------------|
| stage_patients/patients.csv.gz | LOADED |        6038 |        6038 |        6038 |           0 | NULL        |             NULL |                  NULL | NULL                    |
+--------------------------------+--------+-------------+-------------+-------------+-------------+-------------+------------------+-----------------------+-------------------------+
1 Row(s) produced. Time Elapsed: 0.895s
+--------------------------------------------------+--------+-------------+-------------+-------------+-------------+-------------+------------------+-----------------------+-------------------------+
| file                                             | status | rows_parsed | rows_loaded | error_limit | errors_seen | first_error | first_error_line | first_error_character | first_error_column_name |
|--------------------------------------------------+--------+-------------+-------------+-------------+-------------+-------------+------------------+-----------------------+-------------------------|
| stage_payer_transitions/payer_transitions.csv.gz | LOADED |      286510 |      286510 |      286510 |           0 | NULL        |             NULL |                  NULL | NULL                    |
+--------------------------------------------------+--------+-------------+-------------+-------------+-------------+-------------+------------------+-----------------------+-------------------------+
1 Row(s) produced. Time Elapsed: 2.953s
+----------------------------+--------+-------------+-------------+-------------+-------------+-------------+------------------+-----------------------+-------------------------+
| file                       | status | rows_parsed | rows_loaded | error_limit | errors_seen | first_error | first_error_line | first_error_character | first_error_column_name |
|----------------------------+--------+-------------+-------------+-------------+-------------+-------------+------------------+-----------------------+-------------------------|
| stage_payers/payers.csv.gz | LOADED |          10 |          10 |          10 |           0 | NULL        |             NULL |                  NULL | NULL                    |
+----------------------------+--------+-------------+-------------+-------------+-------------+-------------+------------------+-----------------------+-------------------------+
1 Row(s) produced. Time Elapsed: 0.698s
+------------------------------------+--------+-------------+-------------+-------------+-------------+-------------+------------------+-----------------------+-------------------------+
| file                               | status | rows_parsed | rows_loaded | error_limit | errors_seen | first_error | first_error_line | first_error_character | first_error_column_name |
|------------------------------------+--------+-------------+-------------+-------------+-------------+-------------+------------------+-----------------------+-------------------------|
| stage_procedures/procedures.csv.gz | LOADED |      472490 |      472490 |      472490 |           0 | NULL        |             NULL |                  NULL | NULL                    |
+------------------------------------+--------+-------------+-------------+-------------+-------------+-------------+------------------+-----------------------+-------------------------+
1 Row(s) produced. Time Elapsed: 4.156s
+----------------------------------+--------+-------------+-------------+-------------+-------------+-------------+------------------+-----------------------+-------------------------+
| file                             | status | rows_parsed | rows_loaded | error_limit | errors_seen | first_error | first_error_line | first_error_character | first_error_column_name |
|----------------------------------+--------+-------------+-------------+-------------+-------------+-------------+------------------+-----------------------+-------------------------|
| stage_providers/providers.csv.gz | LOADED |       23467 |       23467 |       23467 |           0 | NULL        |             NULL |                  NULL | NULL                    |
+----------------------------------+--------+-------------+-------------+-------------+-------------+-------------+------------------+-----------------------+-------------------------+
1 Row(s) produced. Time Elapsed: 1.230s
+--------------------------------+--------+-------------+-------------+-------------+-------------+-------------+------------------+-----------------------+-------------------------+
| file                           | status | rows_parsed | rows_loaded | error_limit | errors_seen | first_error | first_error_line | first_error_character | first_error_column_name |
|--------------------------------+--------+-------------+-------------+-------------+-------------+-------------+------------------+-----------------------+-------------------------|
| stage_supplies/supplies.csv.gz | LOADED |       67926 |       67926 |       67926 |           0 | NULL        |             NULL |                  NULL | NULL                    |
+--------------------------------+--------+-------------+-------------+-------------+-------------+-------------+------------------+-----------------------+-------------------------+
1 Row(s) produced. Time Elapsed: 1.011s
Goodbye!
