* SnowSQL * v1.4.5
Type SQL statements or !help
+----------------------------------+
| status                           |
|----------------------------------|
| Statement executed successfully. |
+----------------------------------+
1 Row(s) produced. Time Elapsed: 0.148s
+----------------------------------+
| status                           |
|----------------------------------|
| Statement executed successfully. |
+----------------------------------+
1 Row(s) produced. Time Elapsed: 0.112s
+----------------------------------+
| status                           |
|----------------------------------|
| Statement executed successfully. |
+----------------------------------+
1 Row(s) produced. Time Elapsed: 0.131s
+----------------------------------+
| status                           |
|----------------------------------|
| Statement executed successfully. |
+----------------------------------+
1 Row(s) produced. Time Elapsed: 0.141s
+--------------------------------------------------+
| status                                           |
|--------------------------------------------------|
| Table TABLE_COLUMN_PREVIEW successfully created. |
+--------------------------------------------------+
1 Row(s) produced. Time Elapsed: 0.313s
+----------------------------------------------+
| status                                       |
|----------------------------------------------|
| Function BUILD_PREVIEW successfully created. |
+----------------------------------------------+
1 Row(s) produced. Time Elapsed: 0.156s
+---------------+
| BUILD_PREVIEW |
|---------------|
| OK            |
+---------------+
1 Row(s) produced. Time Elapsed: 173.757s
Goodbye!
