* SnowSQL * v1.4.5
Type SQL statements or !help
+----------------------------------+
| status                           |
|----------------------------------|
| Statement executed successfully. |
+----------------------------------+
1 Row(s) produced. Time Elapsed: 0.133s
+----------------------------------+
| status                           |
|----------------------------------|
| Statement executed successfully. |
+----------------------------------+
1 Row(s) produced. Time Elapsed: 0.241s
+----------------------------------+
| status                           |
|----------------------------------|
| Statement executed successfully. |
+----------------------------------+
1 Row(s) produced. Time Elapsed: 0.173s
+----------------------------------+
| status                           |
|----------------------------------|
| Statement executed successfully. |
+----------------------------------+
1 Row(s) produced. Time Elapsed: 0.147s
+---------------------------------------------------+
| status                                            |
|---------------------------------------------------|
| Table INFERRED_COLUMN_TYPES successfully created. |
+---------------------------------------------------+
1 Row(s) produced. Time Elapsed: 1.081s
+------------------------+-------------------------------------+
| number of rows updated | number of multi-joined rows updated |
|------------------------+-------------------------------------|
|                    262 |                                   0 |
+------------------------+-------------------------------------+
262 Row(s) produced. Time Elapsed: 0.608s
Goodbye!
