* SnowSQL * v1.4.5
Type SQL statements or !help
+----------------------------------+
| status                           |
|----------------------------------|
| Statement executed successfully. |
+----------------------------------+
1 Row(s) produced. Time Elapsed: 0.125s
+----------------------------------+
| status                           |
|----------------------------------|
| Statement executed successfully. |
+----------------------------------+
1 Row(s) produced. Time Elapsed: 0.108s
+----------------------------------+
| status                           |
|----------------------------------|
| Statement executed successfully. |
+----------------------------------+
1 Row(s) produced. Time Elapsed: 0.111s
+----------------------------------+
| status                           |
|----------------------------------|
| Statement executed successfully. |
+----------------------------------+
1 Row(s) produced. Time Elapsed: 0.116s
+--------------------------------------------------+
| status                                           |
|--------------------------------------------------|
| Stage area STAGE_ALLERGIES successfully created. |
+--------------------------------------------------+
1 Row(s) produced. Time Elapsed: 0.197s
+--------------------------------------------------+
| status                                           |
|--------------------------------------------------|
| Stage area STAGE_CAREPLANS successfully created. |
+--------------------------------------------------+
1 Row(s) produced. Time Elapsed: 0.219s
+-----------------------------------------------+
| status                                        |
|-----------------------------------------------|
| Stage area STAGE_CLAIMS successfully created. |
+-----------------------------------------------+
1 Row(s) produced. Time Elapsed: 0.172s
+------------------------------------------------------------+
| status                                                     |
|------------------------------------------------------------|
| Stage area STAGE_CLAIMS_TRANSACTIONS successfully created. |
+------------------------------------------------------------+
1 Row(s) produced. Time Elapsed: 0.195s
+---------------------------------------------------+
| status                                            |
|---------------------------------------------------|
| Stage area STAGE_CONDITIONS successfully created. |
+---------------------------------------------------+
1 Row(s) produced. Time Elapsed: 0.166s
+------------------------------------------------+
| status                                         |
|------------------------------------------------|
| Stage area STAGE_DEVICES successfully created. |
+------------------------------------------------+
1 Row(s) produced. Time Elapsed: 0.157s
+---------------------------------------------------+
| status                                            |
|---------------------------------------------------|
| Stage area STAGE_ENCOUNTERS successfully created. |
+---------------------------------------------------+
1 Row(s) produced. Time Elapsed: 0.328s
+--------------------------------------------------------+
| status                                                 |
|--------------------------------------------------------|
| Stage area STAGE_IMAGING_STUDIES successfully created. |
+--------------------------------------------------------+
1 Row(s) produced. Time Elapsed: 0.187s
+------------------------------------------------------+
| status                                               |
|------------------------------------------------------|
| Stage area STAGE_IMMUNIZATIONS successfully created. |
+------------------------------------------------------+
1 Row(s) produced. Time Elapsed: 0.250s
+----------------------------------------------------+
| status                                             |
|----------------------------------------------------|
| Stage area STAGE_MEDICATIONS successfully created. |
+----------------------------------------------------+
1 Row(s) produced. Time Elapsed: 0.188s
+-----------------------------------------------------+
| status                                              |
|-----------------------------------------------------|
| Stage area STAGE_OBSERVATIONS successfully created. |
+-----------------------------------------------------+
1 Row(s) produced. Time Elapsed: 0.252s
+------------------------------------------------------+
| status                                               |
|------------------------------------------------------|
| Stage area STAGE_ORGANIZATIONS successfully created. |
+------------------------------------------------------+
1 Row(s) produced. Time Elapsed: 0.216s
+-------------------------------------------------+
| status                                          |
|-------------------------------------------------|
| Stage area STAGE_PATIENTS successfully created. |
+-------------------------------------------------+
1 Row(s) produced. Time Elapsed: 0.204s
+----------------------------------------------------------+
| status                                                   |
|----------------------------------------------------------|
| Stage area STAGE_PAYER_TRANSITIONS successfully created. |
+----------------------------------------------------------+
1 Row(s) produced. Time Elapsed: 0.188s
+-----------------------------------------------+
| status                                        |
|-----------------------------------------------|
| Stage area STAGE_PAYERS successfully created. |
+-----------------------------------------------+
1 Row(s) produced. Time Elapsed: 0.228s
+---------------------------------------------------+
| status                                            |
|---------------------------------------------------|
| Stage area STAGE_PROCEDURES successfully created. |
+---------------------------------------------------+
1 Row(s) produced. Time Elapsed: 0.225s
+--------------------------------------------------+
| status                                           |
|--------------------------------------------------|
| Stage area STAGE_PROVIDERS successfully created. |
+--------------------------------------------------+
1 Row(s) produced. Time Elapsed: 0.183s
+-------------------------------------------------+
| status                                          |
|-------------------------------------------------|
| Stage area STAGE_SUPPLIES successfully created. |
+-------------------------------------------------+
1 Row(s) produced. Time Elapsed: 0.192s
Goodbye!
