* SnowSQL * v1.4.5
Type SQL statements or !help
+----------------------------------+
| status                           |
|----------------------------------|
| Statement executed successfully. |
+----------------------------------+
1 Row(s) produced. Time Elapsed: 0.126s
+----------------------------------+
| status                           |
|----------------------------------|
| Statement executed successfully. |
+----------------------------------+
1 Row(s) produced. Time Elapsed: 0.096s
+----------------------------------+
| status                           |
|----------------------------------|
| Statement executed successfully. |
+----------------------------------+
1 Row(s) produced. Time Elapsed: 0.107s
+----------------------------------+
| status                           |
|----------------------------------|
| Statement executed successfully. |
+----------------------------------+
1 Row(s) produced. Time Elapsed: 0.108s
+---------------------------------------+
| status                                |
|---------------------------------------|
| Table ALLERGIES successfully created. |
+---------------------------------------+
1 Row(s) produced. Time Elapsed: 0.280s
+---------------------------------------+
| status                                |
|---------------------------------------|
| Table CAREPLANS successfully created. |
+---------------------------------------+
1 Row(s) produced. Time Elapsed: 0.234s
+------------------------------------+
| status                             |
|------------------------------------|
| Table CLAIMS successfully created. |
+------------------------------------+
1 Row(s) produced. Time Elapsed: 0.285s
+-------------------------------------------------+
| status                                          |
|-------------------------------------------------|
| Table CLAIMS_TRANSACTIONS successfully created. |
+-------------------------------------------------+
1 Row(s) produced. Time Elapsed: 0.286s
+----------------------------------------+
| status                                 |
|----------------------------------------|
| Table CONDITIONS successfully created. |
+----------------------------------------+
1 Row(s) produced. Time Elapsed: 0.253s
+-------------------------------------+
| status                              |
|-------------------------------------|
| Table DEVICES successfully created. |
+-------------------------------------+
1 Row(s) produced. Time Elapsed: 0.239s
+----------------------------------------+
| status                                 |
|----------------------------------------|
| Table ENCOUNTERS successfully created. |
+----------------------------------------+
1 Row(s) produced. Time Elapsed: 0.226s
+---------------------------------------------+
| status                                      |
|---------------------------------------------|
| Table IMAGING_STUDIES successfully created. |
+---------------------------------------------+
1 Row(s) produced. Time Elapsed: 0.232s
+-------------------------------------------+
| status                                    |
|-------------------------------------------|
| Table IMMUNIZATIONS successfully created. |
+-------------------------------------------+
1 Row(s) produced. Time Elapsed: 0.245s
+-----------------------------------------+
| status                                  |
|-----------------------------------------|
| Table MEDICATIONS successfully created. |
+-----------------------------------------+
1 Row(s) produced. Time Elapsed: 0.275s
+------------------------------------------+
| status                                   |
|------------------------------------------|
| Table OBSERVATIONS successfully created. |
+------------------------------------------+
1 Row(s) produced. Time Elapsed: 0.215s
+-------------------------------------------+
| status                                    |
|-------------------------------------------|
| Table ORGANIZATIONS successfully created. |
+-------------------------------------------+
1 Row(s) produced. Time Elapsed: 0.244s
+--------------------------------------+
| status                               |
|--------------------------------------|
| Table PATIENTS successfully created. |
+--------------------------------------+
1 Row(s) produced. Time Elapsed: 0.265s
+------------------------------------+
| status                             |
|------------------------------------|
| Table PAYERS successfully created. |
+------------------------------------+
1 Row(s) produced. Time Elapsed: 0.274s
+-----------------------------------------------+
| status                                        |
|-----------------------------------------------|
| Table PAYER_TRANSITIONS successfully created. |
+-----------------------------------------------+
1 Row(s) produced. Time Elapsed: 0.218s
+----------------------------------------+
| status                                 |
|----------------------------------------|
| Table PROCEDURES successfully created. |
+----------------------------------------+
1 Row(s) produced. Time Elapsed: 0.242s
+---------------------------------------+
| status                                |
|---------------------------------------|
| Table PROVIDERS successfully created. |
+---------------------------------------+
1 Row(s) produced. Time Elapsed: 0.232s
+--------------------------------------+
| status                               |
|--------------------------------------|
| Table SUPPLIES successfully created. |
+--------------------------------------+
1 Row(s) produced. Time Elapsed: 0.268s
+--------------------------------------------------+
| status                                           |
|--------------------------------------------------|
| Table TABLE_COLUMN_PREVIEW successfully created. |
+--------------------------------------------------+
1 Row(s) produced. Time Elapsed: 0.235s
Goodbye!
